// Jest Snapshot v1, https://goo.gl/fbAQLP

exports[`Form UI custom classname renders properly 1`] = `ShallowWrapper {}`;

exports[`Form UI default props renders properly 1`] = `ShallowWrapper {}`;

exports[`Form UI html attributes renders properly 1`] = `ShallowWrapper {}`;
