// Jest Snapshot v1, https://goo.gl/fbAQLP

exports[`Layout component default params render renders properly 1`] = `ShallowWrapper {}`;
