// Jest Snapshot v1, https://goo.gl/fbAQLP

exports[`AddWordForm AddWordForm initial rendering renders properly 1`] = `ShallowWrapper {}`;
